------------------------------------------------------------
TimeQuest Timing Analyzer Summary
------------------------------------------------------------

Type  : Slow 1200mV 85C Model Setup 'CLOCK_FPGA'
Slack : -4.815
TNS   : -121.264

Type  : Slow 1200mV 85C Model Setup 'lpm_counter0:inst3|lpm_counter:LPM_COUNTER_component|cntr_hfj:auto_generated|counter_reg_bit[25]'
Slack : -0.792
TNS   : -2.188

Type  : Slow 1200mV 85C Model Hold 'CLOCK_FPGA'
Slack : -2.058
TNS   : -2.922

Type  : Slow 1200mV 85C Model Hold 'lpm_counter0:inst3|lpm_counter:LPM_COUNTER_component|cntr_hfj:auto_generated|counter_reg_bit[25]'
Slack : 0.453
TNS   : 0.000

Type  : Slow 1200mV 85C Model Minimum Pulse Width 'CLOCK_FPGA'
Slack : -3.000
TNS   : -41.662

Type  : Slow 1200mV 85C Model Minimum Pulse Width 'lpm_counter0:inst3|lpm_counter:LPM_COUNTER_component|cntr_hfj:auto_generated|counter_reg_bit[25]'
Slack : -1.487
TNS   : -5.948

Type  : Slow 1200mV 0C Model Setup 'CLOCK_FPGA'
Slack : -4.190
TNS   : -105.391

Type  : Slow 1200mV 0C Model Setup 'lpm_counter0:inst3|lpm_counter:LPM_COUNTER_component|cntr_hfj:auto_generated|counter_reg_bit[25]'
Slack : -0.621
TNS   : -1.693

Type  : Slow 1200mV 0C Model Hold 'CLOCK_FPGA'
Slack : -1.887
TNS   : -2.115

Type  : Slow 1200mV 0C Model Hold 'lpm_counter0:inst3|lpm_counter:LPM_COUNTER_component|cntr_hfj:auto_generated|counter_reg_bit[25]'
Slack : 0.401
TNS   : 0.000

Type  : Slow 1200mV 0C Model Minimum Pulse Width 'CLOCK_FPGA'
Slack : -3.000
TNS   : -41.662

Type  : Slow 1200mV 0C Model Minimum Pulse Width 'lpm_counter0:inst3|lpm_counter:LPM_COUNTER_component|cntr_hfj:auto_generated|counter_reg_bit[25]'
Slack : -1.487
TNS   : -5.948

Type  : Fast 1200mV 0C Model Setup 'CLOCK_FPGA'
Slack : -1.578
TNS   : -39.052

Type  : Fast 1200mV 0C Model Setup 'lpm_counter0:inst3|lpm_counter:LPM_COUNTER_component|cntr_hfj:auto_generated|counter_reg_bit[25]'
Slack : 0.217
TNS   : 0.000

Type  : Fast 1200mV 0C Model Hold 'CLOCK_FPGA'
Slack : -0.978
TNS   : -3.902

Type  : Fast 1200mV 0C Model Hold 'lpm_counter0:inst3|lpm_counter:LPM_COUNTER_component|cntr_hfj:auto_generated|counter_reg_bit[25]'
Slack : 0.186
TNS   : 0.000

Type  : Fast 1200mV 0C Model Minimum Pulse Width 'CLOCK_FPGA'
Slack : -3.000
TNS   : -30.677

Type  : Fast 1200mV 0C Model Minimum Pulse Width 'lpm_counter0:inst3|lpm_counter:LPM_COUNTER_component|cntr_hfj:auto_generated|counter_reg_bit[25]'
Slack : -1.000
TNS   : -4.000

------------------------------------------------------------
